self-calibration g=1: ST 8 SK 4 fold 4.962 P 0.0048407 (expect 8 4 4.962 0.0048407)
cov 1.00  f 0.50  R   0.5  g 0.354  med_loci   2.0  med_fold  9.924  med_P      0.01  pass   0.0% +- 0.0
cov 1.00  f 0.50  R   1.0  g 0.500  med_loci   2.0  med_fold  9.924  med_P      0.01  pass   0.0% +- 0.0
cov 1.00  f 0.50  R   1.5  g 0.612  med_loci   2.0  med_fold  9.924  med_P      0.01  pass   0.0% +- 0.0
cov 1.00  f 0.50  R   2.0  g 0.707  med_loci   3.0  med_fold  9.924  med_P  0.000982  pass   0.0% +- 0.0
cov 1.00  f 0.50  R   3.0  g 0.866  med_loci   4.0  med_fold  7.443  med_P   0.00364  pass   0.0% +- 0.0
cov 1.00  f 0.50  R   4.0  g 1.000  med_loci   8.0  med_fold  4.962  med_P   0.00484  pass 100.0% +- 0.0
cov 1.00  f 0.50  R   5.0  g 1.118  med_loci  17.0  med_fold  4.670  med_P  8.21e-05  pass 100.0% +- 0.0
cov 1.00  f 0.50  R   6.0  g 1.225  med_loci  44.0  med_fold  3.158  med_P  3.03e-05  pass 100.0% +- 0.0
cov 1.00  f 0.50  R   8.0  g 1.414  med_loci 120.0  med_fold  2.233  med_P  4.66e-06  pass 100.0% +- 0.0
cov 1.00  f 0.50  R  10.0  g 1.581  med_loci 201.0  med_fold  1.580  med_P   0.00106  pass 100.0% +- 0.0
cov 1.00  f 0.50  R  12.0  g 1.732  med_loci 257.0  med_fold  1.352  med_P    0.0117  pass 100.0% +- 0.0
cov 1.00  f 0.50  R  16.0  g 2.000  med_loci 326.0  med_fold  1.248  med_P    0.0232  pass 100.0% +- 0.0
cov 1.00  f 0.75  R   0.5  g 0.530  med_loci   2.0  med_fold  9.924  med_P      0.01  pass   0.0% +- 0.0
cov 1.00  f 0.75  R   1.0  g 0.750  med_loci   3.0  med_fold  9.924  med_P  0.000982  pass   0.0% +- 0.0
cov 1.00  f 0.75  R   1.5  g 0.919  med_loci   6.0  med_fold  4.962  med_P    0.0157  pass   0.0% +- 0.0
cov 1.00  f 0.75  R   2.0  g 1.061  med_loci  11.0  med_fold  6.315  med_P  1.86e-05  pass 100.0% +- 0.0
cov 1.00  f 0.75  R   3.0  g 1.299  med_loci  80.0  med_fold  2.233  med_P  0.000337  pass 100.0% +- 0.0
cov 1.00  f 0.75  R   4.0  g 1.500  med_loci 169.0  med_fold  1.820  med_P  7.16e-05  pass 100.0% +- 0.0
cov 1.00  f 0.75  R   5.0  g 1.677  med_loci 234.0  med_fold  1.442  med_P   0.00411  pass 100.0% +- 0.0
cov 1.00  f 0.75  R   6.0  g 1.837  med_loci 283.0  med_fold  1.262  med_P    0.0341  pass 100.0% +- 0.0
cov 1.00  f 0.75  R   8.0  g 2.121  med_loci 345.0  med_fold  1.266  med_P     0.011  pass 100.0% +- 0.0
cov 1.00  f 0.75  R  10.0  g 2.372  med_loci 400.0  med_fold  1.216  med_P    0.0131  pass 100.0% +- 0.0
cov 1.00  f 0.75  R  12.0  g 2.598  med_loci 439.0  med_fold  1.176  med_P    0.0199  pass 100.0% +- 0.0
cov 1.00  f 0.75  R  16.0  g 3.000  med_loci 477.0  med_fold  1.123  med_P    0.0527  pass   0.0% +- 0.0
cov 1.00  f 1.00  R   0.5  g 0.707  med_loci   3.0  med_fold  9.924  med_P  0.000982  pass   0.0% +- 0.0
cov 1.00  f 1.00  R   1.0  g 1.000  med_loci   8.0  med_fold  4.962  med_P   0.00484  pass 100.0% +- 0.0
cov 1.00  f 1.00  R   1.5  g 1.225  med_loci  44.0  med_fold  3.158  med_P  3.03e-05  pass 100.0% +- 0.0
cov 1.00  f 1.00  R   2.0  g 1.414  med_loci 120.0  med_fold  2.233  med_P  4.66e-06  pass 100.0% +- 0.0
cov 1.00  f 1.00  R   3.0  g 1.732  med_loci 257.0  med_fold  1.352  med_P    0.0117  pass 100.0% +- 0.0
cov 1.00  f 1.00  R   4.0  g 2.000  med_loci 326.0  med_fold  1.248  med_P    0.0232  pass 100.0% +- 0.0
cov 1.00  f 1.00  R   5.0  g 2.236  med_loci 372.0  med_fold  1.227  med_P    0.0168  pass 100.0% +- 0.0
cov 1.00  f 1.00  R   6.0  g 2.449  med_loci 408.0  med_fold  1.192  med_P    0.0221  pass 100.0% +- 0.0
cov 1.00  f 1.00  R   8.0  g 2.828  med_loci 463.0  med_fold  1.136  med_P    0.0444  pass 100.0% +- 0.0
cov 1.00  f 1.00  R  10.0  g 3.162  med_loci 494.0  med_fold  1.105  med_P    0.0736  pass   0.0% +- 0.0
cov 1.00  f 1.00  R  12.0  g 3.464  med_loci 516.0  med_fold  1.077  med_P     0.131  pass   0.0% +- 0.0
cov 1.00  f 1.00  R  16.0  g 4.000  med_loci 538.0  med_fold  1.051  med_P     0.223  pass   0.0% +- 0.0
cov 0.95  f 0.50  R   0.5  g 0.354  med_loci   2.0  med_fold  9.908  med_P    0.0101  pass   0.0% +- 0.0
cov 0.95  f 0.50  R   1.0  g 0.500  med_loci   2.0  med_fold  9.908  med_P    0.0101  pass   0.0% +- 0.0
cov 0.95  f 0.50  R   1.5  g 0.612  med_loci   2.0  med_fold  9.923  med_P      0.01  pass   0.0% +- 0.0
cov 0.95  f 0.50  R   2.0  g 0.707  med_loci   3.0  med_fold  9.908  med_P  0.000986  pass   0.0% +- 0.0
cov 0.95  f 0.50  R   3.0  g 0.866  med_loci   4.0  med_fold  7.431  med_P   0.00366  pass   0.0% +- 0.0
cov 0.95  f 0.50  R   4.0  g 1.000  med_loci   8.0  med_fold  4.954  med_P   0.00487  pass  80.9% +- 0.9
cov 0.95  f 0.50  R   5.0  g 1.118  med_loci  17.0  med_fold  4.662  med_P  8.36e-05  pass 100.0% +- 0.0
cov 0.95  f 0.50  R   6.0  g 1.225  med_loci  43.0  med_fold  3.082  med_P  5.55e-05  pass 100.0% +- 0.0
cov 0.95  f 0.50  R   8.0  g 1.414  med_loci 117.0  med_fold  2.229  med_P  6.41e-06  pass 100.0% +- 0.0
cov 0.95  f 0.50  R  10.0  g 1.581  med_loci 196.0  med_fold  1.584  med_P   0.00113  pass 100.0% +- 0.0
cov 0.95  f 0.50  R  12.0  g 1.732  med_loci 250.0  med_fold  1.364  med_P    0.0105  pass  99.6% +- 0.1
cov 0.95  f 0.50  R  16.0  g 2.000  med_loci 318.0  med_fold  1.256  med_P    0.0211  pass  93.3% +- 0.6
cov 0.95  f 0.75  R   0.5  g 0.530  med_loci   2.0  med_fold  9.923  med_P      0.01  pass   0.0% +- 0.0
cov 0.95  f 0.75  R   1.0  g 0.750  med_loci   3.0  med_fold  9.908  med_P   0.00099  pass   0.0% +- 0.0
cov 0.95  f 0.75  R   1.5  g 0.919  med_loci   6.0  med_fold  4.969  med_P    0.0157  pass   0.0% +- 0.0
cov 0.95  f 0.75  R   2.0  g 1.061  med_loci  12.0  med_fold  6.118  med_P   8.4e-06  pass 100.0% +- 0.0
cov 0.95  f 0.75  R   3.0  g 1.299  med_loci  77.0  med_fold  2.265  med_P   0.00029  pass 100.0% +- 0.0
cov 0.95  f 0.75  R   4.0  g 1.500  med_loci 164.0  med_fold  1.807  med_P  0.000116  pass 100.0% +- 0.0
cov 0.95  f 0.75  R   5.0  g 1.677  med_loci 228.0  med_fold  1.449  med_P   0.00405  pass 100.0% +- 0.0
cov 0.95  f 0.75  R   6.0  g 1.837  med_loci 276.0  med_fold  1.276  med_P    0.0296  pass  85.4% +- 0.8
cov 0.95  f 0.75  R   8.0  g 2.121  med_loci 337.0  med_fold  1.269  med_P    0.0111  pass  99.0% +- 0.2
cov 0.95  f 0.75  R  10.0  g 2.372  med_loci 391.0  med_fold  1.222  med_P    0.0119  pass  99.2% +- 0.2
cov 0.95  f 0.75  R  12.0  g 2.598  med_loci 428.0  med_fold  1.181  med_P    0.0186  pass  94.7% +- 0.5
cov 0.95  f 0.75  R  16.0  g 3.000  med_loci 466.0  med_fold  1.130  med_P    0.0462  pass  57.5% +- 1.1
cov 0.95  f 1.00  R   0.5  g 0.707  med_loci   3.0  med_fold  9.923  med_P  0.000986  pass   0.0% +- 0.0
cov 0.95  f 1.00  R   1.0  g 1.000  med_loci   8.0  med_fold  4.954  med_P   0.00487  pass  79.5% +- 0.9
cov 0.95  f 1.00  R   1.5  g 1.225  med_loci  44.0  med_fold  3.086  med_P  5.28e-05  pass 100.0% +- 0.0
cov 0.95  f 1.00  R   2.0  g 1.414  med_loci 117.0  med_fold  2.230  med_P  6.38e-06  pass 100.0% +- 0.0
cov 0.95  f 1.00  R   3.0  g 1.732  med_loci 250.0  med_fold  1.364  med_P    0.0105  pass  99.6% +- 0.1
cov 0.95  f 1.00  R   4.0  g 2.000  med_loci 318.0  med_fold  1.256  med_P    0.0211  pass  93.5% +- 0.5
cov 0.95  f 1.00  R   5.0  g 2.236  med_loci 363.0  med_fold  1.232  med_P    0.0162  pass  97.2% +- 0.4
cov 0.95  f 1.00  R   6.0  g 2.449  med_loci 398.0  med_fold  1.199  med_P    0.0198  pass  95.0% +- 0.5
cov 0.95  f 1.00  R   8.0  g 2.828  med_loci 453.0  med_fold  1.142  med_P    0.0394  pass  72.3% +- 1.0
cov 0.95  f 1.00  R  10.0  g 3.162  med_loci 484.0  med_fold  1.110  med_P    0.0662  pass  26.4% +- 1.0
cov 0.95  f 1.00  R  12.0  g 3.464  med_loci 505.0  med_fold  1.082  med_P     0.119  pass   2.8% +- 0.4
cov 0.95  f 1.00  R  16.0  g 4.000  med_loci 527.0  med_fold  1.055  med_P     0.207  pass   0.1% +- 0.1

wrote 133a_projection_reading_b.tsv (72 rows)
