observed, unmatched (S41):
outcome      loci known   p_sig    p_bg    fold        A
Melanoma        8     4   0.500   0.101    4.96    0.444
Lung           10     4   0.400   0.104    3.85    0.330
Colorectal      6     6   1.000   0.318    3.15    1.000
Breast         23    15   0.652   0.290    2.25    0.510
Prostate       28    23   0.821   0.403    2.04    0.701

matched at 8 significant bounded loci:
outcome          g known   p_sig    p_bg    fold        A   Fisher P
Melanoma     0.976     4   0.500   0.101    4.96    0.444    0.00484
Lung             -  -- cannot be matched to exactly 8 loci
Colorectal   1.076     6   0.750   0.318    2.36    0.634     0.0147
Breast       0.861     7   0.875   0.290    3.02    0.824   0.000961
Prostate         -  -- cannot be matched to exactly 8 loci

matched at 10 significant bounded loci:
outcome          g known   p_sig    p_bg    fold        A   Fisher P
Melanoma     1.013     6   0.600   0.101    5.95    0.555   0.000128
Lung         0.995     4   0.400   0.104    3.85    0.330     0.0138
Colorectal   1.093     8   0.800   0.318    2.52    0.707    0.00223
Breast       0.874     9   0.900   0.290    3.10    0.859   9.48e-05
Prostate         -  -- cannot be matched to exactly 10 loci

matched at 15 significant bounded loci:
outcome          g known   p_sig    p_bg    fold        A   Fisher P
Melanoma     1.074     8   0.533   0.101    5.29    0.481   2.57e-05
Lung             -  -- cannot be matched to exactly 15 loci
Colorectal   1.124     9   0.600   0.318    1.89    0.414     0.0211
Breast       0.897    11   0.733   0.290    2.53    0.624   0.000418
Prostate     0.906    12   0.800   0.403    1.98    0.665    0.00187

matched at 20 significant bounded loci:
outcome          g known   p_sig    p_bg    fold        A   Fisher P
Melanoma     1.130    11   0.550   0.101    5.46    0.500   3.94e-07
Lung             -  -- cannot be matched to exactly 20 loci
Colorectal       -  -- cannot be matched to exactly 20 loci
Breast       0.966    13   0.650   0.290    2.24    0.507   0.000749
Prostate     0.937    17   0.850   0.403    2.11    0.749   4.15e-05

matched at 25 significant bounded loci:
outcome          g known   p_sig    p_bg    fold        A   Fisher P
Melanoma         -  -- cannot be matched to exactly 25 loci
Lung         1.144     7   0.280   0.104    2.70    0.197       0.01
Colorectal   1.155    14   0.560   0.318    1.76    0.355    0.00915
Breast           -  -- cannot be matched to exactly 25 loci
Prostate         -  -- cannot be matched to exactly 25 loci

wrote 142a
