R 4.4.1 on x86_64-w64-mingw32
packages recorded: 226 (19 named directly, 207 pulled in as dependencies)

versions of the packages the analysis calls directly:
  cqtna                          0.3.0
  susieR                         0.14.2
  data.table                     1.16.0
  coloc                          5.2.3
  Matrix                         1.7-0
  arrow                          25.0.0
  dplyr                          1.1.4
  Seurat                         5.5.1
  hdf5r                          1.3.12
  TFBSTools                      1.42.0
  motifmatchr                    1.26.0
  JASPAR2020                     0.99.10
  Biostrings                     2.72.1
  BSgenome.Hsapiens.UCSC.hg38    1.4.5
  stats                          4.4.1
  utils                          4.4.1
  graphics                       4.4.1
  grDevices                      4.4.1
  methods                        4.4.1

⚠ this file is in renv.lock's format but was NOT produced by renv.
⚠ it records what is installed now, which is what produced the current
  result tables; it does not describe any earlier run.

wrote 150a_environment.lock / 150b_session.txt
